matches the recorded render of the CI fixture:
  1: |
    apiVersion: v1
    data:
      ci-test-app-extra.yaml: |
        apiVersion: 1
        groups:
          - orgId: 1
            name: ci-test-app-extra
            folder: ci-test-app
            interval: 5m
            rules: []
      ci-test-app.yaml: |
        apiVersion: 1
        groups:
          - orgId: 1
            name: ci-test-app
            folder: ci-test-app
            interval: 1m
            rules: []
    kind: ConfigMap
    metadata:
      labels:
        app: ci-test-app
        app.kubernetes.io/instance: RELEASE-NAME
        app.kubernetes.io/managed-by: Helm
        app.kubernetes.io/name: ci-test-app
        environment: prod
        grafana_alert: "1"
      name: ci-test-app-alerts
  2: |
    apiVersion: v1
    data:
      ci-test.json: |
        { "fixture": true }
      ci-test.xml: |
        <fixture/>
    kind: ConfigMap
    metadata:
      labels:
        app: ci-test-app
        app.kubernetes.io/instance: RELEASE-NAME
        app.kubernetes.io/managed-by: Helm
        app.kubernetes.io/name: ci-test-app
        environment: prod
      name: ci-test-app-config
  3: |
    apiVersion: v1
    data:
      ci-test-app-overview.json: |
        { "title": "ci-test-app overview", "panels": [] }
    kind: ConfigMap
    metadata:
      annotations:
        grafana_folder: ci-test-app
      labels:
        app: ci-test-app
        app.kubernetes.io/instance: RELEASE-NAME
        app.kubernetes.io/managed-by: Helm
        app.kubernetes.io/name: ci-test-app
        environment: prod
        grafana_dashboard: "1"
      name: ci-test-app-dashboard-overview
  4: |
    apiVersion: apps/v1
    kind: Deployment
    metadata:
      annotations:
        app.jterrazz.com/repository: jterrazz/ci-test-app
      labels:
        app: ci-test-app
        app.kubernetes.io/instance: RELEASE-NAME
        app.kubernetes.io/managed-by: Helm
        app.kubernetes.io/name: ci-test-app
        environment: prod
      name: ci-test-app
    spec:
      replicas: 1
      revisionHistoryLimit: 3
      selector:
        matchLabels:
          app: ci-test-app
          environment: prod
      strategy:
        type: Recreate
      template:
        metadata:
          annotations:
            rollout/release-revision: "0"
          labels:
            app: ci-test-app
            environment: prod
            platform-client.jterrazz.com/gateway-intelligence: "true"
        spec:
          containers:
            - args:
                - --enable-source-maps
              command:
                - node
                - server.js
              env:
                - name: PORT
                  value: "3000"
                - name: LOG_LEVEL
                  value: info
                - name: OTEL_SERVICE_NAME
                  value: ci-test-app
                - name: OTEL_RESOURCE_ATTRIBUTES
                  value: deployment.environment=prod,deployment.environment.name=prod
                - name: GATEWAY_INTELLIGENCE_BASE_URL
                  value: http://gateway-intelligence.prod-gateway-intelligence.svc.cluster.local/v1
                - name: OTEL_EXPORTER_OTLP_ENDPOINT
                  value: http://otel-collector.platform-telemetry:4318
                - name: NODE_OPTIONS
                  value: --max-old-space-size=384
                - name: DATABASE_URL
                  valueFrom:
                    secretKeyRef:
                      key: DATABASE_URL
                      name: ci-test-app-secrets
                - name: API_TOKEN
                  valueFrom:
                    secretKeyRef:
                      key: API_TOKEN
                      name: ci-test-app-secrets
              image: registry.internal.jterrazz.com/ci-test-app:ci
              imagePullPolicy: Always
              livenessProbe:
                httpGet:
                  path: /health
                  port: 3000
                timeoutSeconds: 5
              name: ci-test-app
              ports:
                - containerPort: 3000
              readinessProbe:
                httpGet:
                  path: /health
                  port: 3000
                timeoutSeconds: 5
              resources:
                limits:
                  memory: 1Gi
                requests:
                  cpu: 100m
                  memory: 512Mi
              securityContext:
                allowPrivilegeEscalation: false
                capabilities:
                  add:
                    - NET_BIND_SERVICE
                  drop:
                    - ALL
                runAsNonRoot: true
                seccompProfile:
                  type: RuntimeDefault
              startupProbe:
                failureThreshold: 60
                httpGet:
                  path: /health
                  port: 3000
                timeoutSeconds: 5
              volumeMounts:
                - mountPath: /data
                  name: data
                - mountPath: /app/ci-test.json
                  name: config
                  readOnly: true
                  subPath: ci-test.json
                - mountPath: /etc/ci-test/conf.d/ci-test.xml
                  name: config
                  readOnly: true
                  subPath: ci-test.xml
                - mountPath: /etc/ci-test-files
                  name: ci-test-app-files
                  readOnly: true
          imagePullSecrets:
            - name: registry-credentials
          initContainers:
            - command:
                - sh
                - -c
                - chown -R 1000:1000 /data
              image: busybox:1.38@sha256:fd8d9aa63ba2f0982b5304e1ee8d3b90a210bc1ffb5314d980eb6962f1a9715d
              name: fix-permissions
              securityContext:
                allowPrivilegeEscalation: false
                capabilities:
                  add:
                    - CHOWN
                    - FOWNER
                    - DAC_OVERRIDE
                  drop:
                    - ALL
                runAsNonRoot: false
                runAsUser: 0
                seccompProfile:
                  type: RuntimeDefault
              volumeMounts:
                - mountPath: /data
                  name: data
          securityContext:
            fsGroup: 1000
            runAsGroup: 1000
            runAsUser: 1000
          volumes:
            - name: data
              persistentVolumeClaim:
                claimName: ci-test-app-data
            - configMap:
                name: ci-test-app-config
              name: config
            - name: ci-test-app-files
              secret:
                secretName: ci-test-app-files
  5: |
    apiVersion: secrets.infisical.com/v1alpha1
    kind: InfisicalSecret
    metadata:
      labels:
        app: ci-test-app
        app.kubernetes.io/instance: RELEASE-NAME
        app.kubernetes.io/managed-by: Helm
        app.kubernetes.io/name: ci-test-app
        environment: prod
      name: ci-test-app-infisical
    spec:
      authentication:
        universalAuth:
          credentialsRef:
            secretName: infisical-credentials
            secretNamespace: platform-secrets
          secretsScope:
            envSlug: prod
            projectSlug: jterrazz
            secretsPath: /jterrazz-ci/ci-test-app
      hostAPI: https://eu.infisical.com
      managedKubeSecretReferences:
        - secretName: ci-test-app-secrets
          secretNamespace: NAMESPACE
          secretType: Opaque
  6: |
    apiVersion: cert-manager.io/v1
    kind: Certificate
    metadata:
      labels:
        app: ci-test-app
        app.kubernetes.io/instance: RELEASE-NAME
        app.kubernetes.io/managed-by: Helm
        app.kubernetes.io/name: ci-test-app
        environment: prod
      name: ci-test-app-ci-test-app-internal-jterrazz-com-tls
    spec:
      dnsNames:
        - ci-test-app-internal.jterrazz.com
      issuerRef:
        kind: ClusterIssuer
        name: letsencrypt-production
      secretName: ci-test-app-ci-test-app-internal-jterrazz-com-tls
  7: |
    apiVersion: cert-manager.io/v1
    kind: Certificate
    metadata:
      labels:
        app: ci-test-app
        app.kubernetes.io/instance: RELEASE-NAME
        app.kubernetes.io/managed-by: Helm
        app.kubernetes.io/name: ci-test-app
        environment: prod
      name: ci-test-app-ci-test-app-legacy-jterrazz-com-tls
    spec:
      dnsNames:
        - ci-test-app-legacy.jterrazz.com
      issuerRef:
        kind: ClusterIssuer
        name: letsencrypt-production
      secretName: ci-test-app-ci-test-app-legacy-jterrazz-com-tls
  8: |
    apiVersion: cert-manager.io/v1
    kind: Certificate
    metadata:
      labels:
        app: ci-test-app
        app.kubernetes.io/instance: RELEASE-NAME
        app.kubernetes.io/managed-by: Helm
        app.kubernetes.io/name: ci-test-app
        environment: prod
      name: ci-test-app-ci-test-app-mcp-jterrazz-com-tls
    spec:
      dnsNames:
        - ci-test-app-mcp.jterrazz.com
      issuerRef:
        kind: ClusterIssuer
        name: letsencrypt-production
      secretName: ci-test-app-ci-test-app-mcp-jterrazz-com-tls
  9: |
    apiVersion: cert-manager.io/v1
    kind: Certificate
    metadata:
      labels:
        app: ci-test-app
        app.kubernetes.io/instance: RELEASE-NAME
        app.kubernetes.io/managed-by: Helm
        app.kubernetes.io/name: ci-test-app
        environment: prod
      name: ci-test-app-ci-test-app-old-jterrazz-com-tls
    spec:
      dnsNames:
        - ci-test-app-old.jterrazz.com
      issuerRef:
        kind: ClusterIssuer
        name: letsencrypt-production
      secretName: ci-test-app-ci-test-app-old-jterrazz-com-tls
  10: |
    apiVersion: cert-manager.io/v1
    kind: Certificate
    metadata:
      labels:
        app: ci-test-app
        app.kubernetes.io/instance: RELEASE-NAME
        app.kubernetes.io/managed-by: Helm
        app.kubernetes.io/name: ci-test-app
        environment: prod
      name: ci-test-app-ci-test-app-probe-jterrazz-com-tls
    spec:
      dnsNames:
        - ci-test-app-probe.jterrazz.com
      issuerRef:
        kind: ClusterIssuer
        name: letsencrypt-production
      secretName: ci-test-app-ci-test-app-probe-jterrazz-com-tls
  11: |
    apiVersion: cert-manager.io/v1
    kind: Certificate
    metadata:
      labels:
        app: ci-test-app
        app.kubernetes.io/instance: RELEASE-NAME
        app.kubernetes.io/managed-by: Helm
        app.kubernetes.io/name: ci-test-app
        environment: prod
      name: ci-test-app-ci-test-app-jterrazz-com-tls
    spec:
      dnsNames:
        - ci-test-app.jterrazz.com
      issuerRef:
        kind: ClusterIssuer
        name: letsencrypt-production
      secretName: ci-test-app-ci-test-app-jterrazz-com-tls
  12: |
    apiVersion: traefik.io/v1alpha1
    kind: Middleware
    metadata:
      labels:
        app: ci-test-app
        app.kubernetes.io/instance: RELEASE-NAME
        app.kubernetes.io/managed-by: Helm
        app.kubernetes.io/name: ci-test-app
        environment: prod
      name: ci-test-app-0-strip-prefix
    spec:
      stripPrefix:
        prefixes:
          - /api
  13: |
    apiVersion: traefik.io/v1alpha1
    kind: IngressRoute
    metadata:
      annotations:
        smoke.jterrazz.com/expect: "200"
        smoke.jterrazz.com/path: /api/health
      labels:
        app: ci-test-app
        app.kubernetes.io/instance: RELEASE-NAME
        app.kubernetes.io/managed-by: Helm
        app.kubernetes.io/name: ci-test-app
        environment: prod
      name: ci-test-app-0
    spec:
      entryPoints:
        - websecure
      routes:
        - kind: Rule
          match: Host(`ci-test-app.jterrazz.com`) && PathPrefix(`/api`)
          middlewares:
            - name: ci-test-app-0-strip-prefix
          services:
            - name: ci-test-app
              port: 80
      tls:
        secretName: ci-test-app-ci-test-app-jterrazz-com-tls
  14: |
    apiVersion: traefik.io/v1alpha1
    kind: IngressRoute
    metadata:
      annotations:
        smoke.jterrazz.com/expect: "200"
        smoke.jterrazz.com/path: /health
      labels:
        app: ci-test-app
        app.kubernetes.io/instance: RELEASE-NAME
        app.kubernetes.io/managed-by: Helm
        app.kubernetes.io/name: ci-test-app
        environment: prod
      name: ci-test-app-1
    spec:
      entryPoints:
        - websecure
      routes:
        - kind: Rule
          match: Host(`ci-test-app-internal.jterrazz.com`)
          middlewares:
            - name: private-access
              namespace: platform-networking
          services:
            - name: ci-test-app
              port: 80
      tls:
        secretName: ci-test-app-ci-test-app-internal-jterrazz-com-tls
  15: |
    apiVersion: traefik.io/v1alpha1
    kind: IngressRoute
    metadata:
      annotations:
        smoke.jterrazz.com/probe: "false"
      labels:
        app: ci-test-app
        app.kubernetes.io/instance: RELEASE-NAME
        app.kubernetes.io/managed-by: Helm
        app.kubernetes.io/name: ci-test-app
        environment: prod
      name: ci-test-app-2
    spec:
      entryPoints:
        - websecure
      routes:
        - kind: Rule
          match: Host(`ci-test-app-mcp.jterrazz.com`) && PathPrefix(`/mcp`)
          services:
            - name: ci-test-app
              port: 80
      tls:
        secretName: ci-test-app-ci-test-app-mcp-jterrazz-com-tls
  16: |
    apiVersion: traefik.io/v1alpha1
    kind: Middleware
    metadata:
      labels:
        app: ci-test-app
        app.kubernetes.io/instance: RELEASE-NAME
        app.kubernetes.io/managed-by: Helm
        app.kubernetes.io/name: ci-test-app
        environment: prod
      name: ci-test-app-3-redirect
    spec:
      redirectRegex:
        permanent: true
        regex: ^https?://ci-test-app-old\.jterrazz\.com/(.*)
        replacement: https://ci-test-app.jterrazz.com/${1}
  17: |
    apiVersion: traefik.io/v1alpha1
    kind: IngressRoute
    metadata:
      annotations:
        smoke.jterrazz.com/expect: "301"
        smoke.jterrazz.com/location: https://ci-test-app.jterrazz.com/
        smoke.jterrazz.com/path: /
      labels:
        app: ci-test-app
        app.kubernetes.io/instance: RELEASE-NAME
        app.kubernetes.io/managed-by: Helm
        app.kubernetes.io/name: ci-test-app
        environment: prod
      name: ci-test-app-3
    spec:
      entryPoints:
        - websecure
      routes:
        - kind: Rule
          match: Host(`ci-test-app-old.jterrazz.com`)
          middlewares:
            - name: ci-test-app-3-redirect
          services:
            - name: ci-test-app
              port: 80
      tls:
        secretName: ci-test-app-ci-test-app-old-jterrazz-com-tls
  18: |
    apiVersion: traefik.io/v1alpha1
    kind: Middleware
    metadata:
      labels:
        app: ci-test-app
        app.kubernetes.io/instance: RELEASE-NAME
        app.kubernetes.io/managed-by: Helm
        app.kubernetes.io/name: ci-test-app
        environment: prod
      name: ci-test-app-4-redirect
    spec:
      redirectRegex:
        permanent: true
        regex: ^https?://ci-test-app-legacy\.jterrazz\.com/(.*)
        replacement: https://ci-test-app.jterrazz.com/moved
  19: |
    apiVersion: traefik.io/v1alpha1
    kind: IngressRoute
    metadata:
      annotations:
        smoke.jterrazz.com/expect: "301"
        smoke.jterrazz.com/location: https://ci-test-app.jterrazz.com/moved
        smoke.jterrazz.com/path: /
      labels:
        app: ci-test-app
        app.kubernetes.io/instance: RELEASE-NAME
        app.kubernetes.io/managed-by: Helm
        app.kubernetes.io/name: ci-test-app
        environment: prod
      name: ci-test-app-4
    spec:
      entryPoints:
        - websecure
      routes:
        - kind: Rule
          match: Host(`ci-test-app-legacy.jterrazz.com`)
          middlewares:
            - name: ci-test-app-4-redirect
          services:
            - name: ci-test-app
              port: 80
      tls:
        secretName: ci-test-app-ci-test-app-legacy-jterrazz-com-tls
  20: |
    apiVersion: traefik.io/v1alpha1
    kind: IngressRoute
    metadata:
      annotations:
        smoke.jterrazz.com/expect: 204,200
        smoke.jterrazz.com/path: /ready
      labels:
        app: ci-test-app
        app.kubernetes.io/instance: RELEASE-NAME
        app.kubernetes.io/managed-by: Helm
        app.kubernetes.io/name: ci-test-app
        environment: prod
      name: ci-test-app-5
    spec:
      entryPoints:
        - websecure
      routes:
        - kind: Rule
          match: Host(`ci-test-app-probe.jterrazz.com`)
          middlewares:
            - name: private-access
              namespace: platform-networking
          services:
            - name: ci-test-app
              port: 80
      tls:
        secretName: ci-test-app-ci-test-app-probe-jterrazz-com-tls
  21: |
    apiVersion: traefik.io/v1alpha1
    kind: Middleware
    metadata:
      labels:
        app: ci-test-app
        app.kubernetes.io/instance: RELEASE-NAME
        app.kubernetes.io/managed-by: Helm
        app.kubernetes.io/name: ci-test-app
        environment: prod
      name: ci-test-app-6-strip-prefix
    spec:
      stripPrefix:
        prefixes:
          - /api
  22: |
    apiVersion: traefik.io/v1alpha1
    kind: IngressRoute
    metadata:
      annotations:
        smoke.jterrazz.com/expect: "401"
        smoke.jterrazz.com/method: POST
        smoke.jterrazz.com/path: /api/track
      labels:
        app: ci-test-app
        app.kubernetes.io/instance: RELEASE-NAME
        app.kubernetes.io/managed-by: Helm
        app.kubernetes.io/name: ci-test-app
        environment: prod
      name: ci-test-app-6
    spec:
      entryPoints:
        - websecure
      routes:
        - kind: Rule
          match: Host(`ci-test-app-ingest.jterrazz.com`) && PathPrefix(`/api/track`)
          middlewares:
            - name: cluster-internal-access
              namespace: platform-networking
            - name: ci-test-app-6-strip-prefix
          services:
            - name: ci-test-app
              port: 80
      tls:
        secretName: ci-test-shared-tls
  23: |
    apiVersion: networking.k8s.io/v1
    kind: NetworkPolicy
    metadata:
      labels:
        app: ci-test-app
        app.kubernetes.io/instance: RELEASE-NAME
        app.kubernetes.io/managed-by: Helm
        app.kubernetes.io/name: ci-test-app
        environment: prod
      name: ci-test-app
    spec:
      egress:
        - ports:
            - port: 53
              protocol: UDP
            - port: 53
          to:
            - namespaceSelector: {}
        - to:
            - ipBlock:
                cidr: 0.0.0.0/0
                except:
                  - 10.0.0.0/8
                  - 172.16.0.0/12
                  - 192.168.0.0/16
        - ports:
            - port: 5432
          to:
            - namespaceSelector:
                matchLabels:
                  kubernetes.io/metadata.name: platform-analytics
        - ports:
            - port: 4317
            - port: 4318
          to:
            - namespaceSelector:
                matchLabels:
                  kubernetes.io/metadata.name: platform-telemetry
        - ports:
            - port: 8317
          to:
            - namespaceSelector:
                matchLabels:
                  kubernetes.io/metadata.name: prod-gateway-intelligence
      ingress:
        - from:
            - namespaceSelector:
                matchLabels:
                  kubernetes.io/metadata.name: kube-system
          ports:
            - port: 3000
        - from:
            - namespaceSelector:
                matchLabels:
                  kubernetes.io/metadata.name: platform-ai
          ports:
            - port: 3000
      podSelector:
        matchLabels:
          app: ci-test-app
          environment: prod
      policyTypes:
        - Ingress
        - Egress
  24: |
    apiVersion: v1
    kind: Service
    metadata:
      labels:
        app: ci-test-app
        app.kubernetes.io/instance: RELEASE-NAME
        app.kubernetes.io/managed-by: Helm
        app.kubernetes.io/name: ci-test-app
        environment: prod
      name: ci-test-app
    spec:
      ports:
        - port: 80
          targetPort: 3000
      selector:
        app: ci-test-app
        environment: prod
  25: |
    apiVersion: v1
    kind: PersistentVolume
    metadata:
      labels:
        app: ci-test-app
        app.kubernetes.io/instance: RELEASE-NAME
        app.kubernetes.io/managed-by: Helm
        app.kubernetes.io/name: ci-test-app
        environment: prod
      name: ci-test-app-prod-data
    spec:
      accessModes:
        - ReadWriteOnce
      capacity:
        storage: 2Gi
      hostPath:
        path: /var/lib/k8s-data/ci-test-app-prod
        type: DirectoryOrCreate
      persistentVolumeReclaimPolicy: Retain
      storageClassName: manual
  26: |
    apiVersion: v1
    kind: PersistentVolumeClaim
    metadata:
      labels:
        app: ci-test-app
        app.kubernetes.io/instance: RELEASE-NAME
        app.kubernetes.io/managed-by: Helm
        app.kubernetes.io/name: ci-test-app
        environment: prod
      name: ci-test-app-data
    spec:
      accessModes:
        - ReadWriteOnce
      resources:
        requests:
          storage: 2Gi
      storageClassName: manual
      volumeName: ci-test-app-prod-data
