matches the recorded render of the CI fixture:
  1: |
    apiVersion: cert-manager.io/v1
    kind: Certificate
    metadata:
      labels:
        app.kubernetes.io/managed-by: Helm
        app.kubernetes.io/name: ci-test-service
        app.kubernetes.io/part-of: jterrazz-infrastructure
      name: ci-test-service-tls
    spec:
      dnsNames:
        - ci-test-service.jterrazz.com
        - ci-test-alias.example
      issuerRef:
        kind: ClusterIssuer
        name: letsencrypt-production
      secretName: ci-test-service-tls
  2: |
    apiVersion: traefik.io/v1alpha1
    kind: IngressRoute
    metadata:
      annotations:
        smoke.jterrazz.com/expect: "401"
        smoke.jterrazz.com/path: /v2/
      labels:
        app.kubernetes.io/managed-by: Helm
        app.kubernetes.io/name: ci-test-service
        app.kubernetes.io/part-of: jterrazz-infrastructure
      name: ci-test-service
    spec:
      entryPoints:
        - websecure
      routes:
        - kind: Rule
          match: Host(`ci-test-service.jterrazz.com`) || Host(`ci-test-alias.example`)
          middlewares:
            - name: cluster-internal-access
              namespace: platform-networking
          services:
            - name: ci-test-service
              port: 8080
      tls:
        secretName: ci-test-service-tls
  3: |
    apiVersion: networking.k8s.io/v1
    kind: NetworkPolicy
    metadata:
      labels:
        app.kubernetes.io/managed-by: Helm
        app.kubernetes.io/name: ci-test-service
        app.kubernetes.io/part-of: jterrazz-infrastructure
      name: ci-test-service
    spec:
      egress:
        - ports:
            - port: 53
              protocol: UDP
            - port: 53
          to:
            - namespaceSelector: {}
        - ports:
            - port: 4317
            - port: 4318
          to:
            - namespaceSelector:
                matchLabels:
                  kubernetes.io/metadata.name: platform-telemetry
        - ports:
            - port: 443
          to:
            - ipBlock:
                cidr: 0.0.0.0/0
                except:
                  - 10.0.0.0/8
                  - 172.16.0.0/12
                  - 192.168.0.0/16
        - to:
            - ipBlock:
                cidr: 0.0.0.0/0
      ingress:
        - from:
            - namespaceSelector:
                matchLabels:
                  kubernetes.io/metadata.name: kube-system
          ports:
            - port: 8080
        - from:
            - namespaceSelector: {}
              podSelector:
                matchLabels:
                  platform-client.jterrazz.com/ci-test: "true"
          ports:
            - port: 8080
      podSelector:
        matchLabels:
          app.kubernetes.io/instance: ci-test-service
          app.kubernetes.io/name: ci-test-service
      policyTypes:
        - Ingress
        - Egress
  4: |
    apiVersion: v1
    kind: PersistentVolume
    metadata:
      labels:
        app.kubernetes.io/component: storage
        app.kubernetes.io/managed-by: Helm
        app.kubernetes.io/name: ci-test-service
        app.kubernetes.io/part-of: jterrazz-infrastructure
      name: ci-test-service-data
    spec:
      accessModes:
        - ReadWriteOnce
      capacity:
        storage: 3Gi
      hostPath:
        path: /var/lib/k8s-data/ci-test-service
        type: DirectoryOrCreate
      nodeAffinity:
        required:
          nodeSelectorTerms:
            - matchExpressions:
                - key: kubernetes.io/hostname
                  operator: In
                  values:
                    - ci-test-node
      persistentVolumeReclaimPolicy: Retain
      storageClassName: manual
  5: |
    apiVersion: v1
    kind: PersistentVolumeClaim
    metadata:
      labels:
        app.kubernetes.io/component: storage
        app.kubernetes.io/managed-by: Helm
        app.kubernetes.io/name: ci-test-service
        app.kubernetes.io/part-of: jterrazz-infrastructure
      name: ci-test-service-data
    spec:
      accessModes:
        - ReadWriteOnce
      resources:
        requests:
          storage: 3Gi
      storageClassName: manual
      volumeName: ci-test-service-data
  6: |
    apiVersion: v1
    kind: PersistentVolume
    metadata:
      labels:
        app.kubernetes.io/component: storage
        app.kubernetes.io/managed-by: Helm
        app.kubernetes.io/name: ci-test-service
        app.kubernetes.io/part-of: jterrazz-infrastructure
      name: ci-test-service-metrics
    spec:
      accessModes:
        - ReadWriteOnce
      capacity:
        storage: 1Gi
      hostPath:
        path: /var/lib/k8s-data/ci-test-service/metrics
        type: DirectoryOrCreate
      nodeAffinity:
        required:
          nodeSelectorTerms:
            - matchExpressions:
                - key: kubernetes.io/hostname
                  operator: In
                  values:
                    - ci-test-node
      persistentVolumeReclaimPolicy: Retain
      storageClassName: manual
  7: |
    apiVersion: v1
    kind: PersistentVolumeClaim
    metadata:
      labels:
        app.kubernetes.io/component: storage
        app.kubernetes.io/managed-by: Helm
        app.kubernetes.io/name: ci-test-service
        app.kubernetes.io/part-of: jterrazz-infrastructure
      name: storage-ci-test-0
    spec:
      accessModes:
        - ReadWriteOnce
      resources:
        requests:
          storage: 1Gi
      storageClassName: manual
      volumeName: ci-test-service-metrics
  8: |
    apiVersion: v1
    kind: PersistentVolume
    metadata:
      labels:
        app.kubernetes.io/component: storage
        app.kubernetes.io/managed-by: Helm
        app.kubernetes.io/name: ci-test-service
        app.kubernetes.io/part-of: jterrazz-infrastructure
      name: ci-test-service-node-local
    spec:
      accessModes:
        - ReadWriteOnce
      capacity:
        storage: 1Gi
      hostPath:
        path: /var/lib/ci-test-node-local
        type: DirectoryOrCreate
      nodeAffinity:
        required:
          nodeSelectorTerms:
            - matchExpressions:
                - key: kubernetes.io/hostname
                  operator: In
                  values:
                    - ci-test-node
      persistentVolumeReclaimPolicy: Retain
      storageClassName: manual
  9: |
    apiVersion: v1
    kind: PersistentVolumeClaim
    metadata:
      labels:
        app.kubernetes.io/component: storage
        app.kubernetes.io/managed-by: Helm
        app.kubernetes.io/name: ci-test-service
        app.kubernetes.io/part-of: jterrazz-infrastructure
      name: ci-test-service-node-local
    spec:
      accessModes:
        - ReadWriteOnce
      resources:
        requests:
          storage: 1Gi
      storageClassName: manual
      volumeName: ci-test-service-node-local
  10: |
    apiVersion: v1
    kind: PersistentVolume
    metadata:
      labels:
        app.kubernetes.io/component: storage
        app.kubernetes.io/managed-by: Helm
        app.kubernetes.io/name: ci-test-service
        app.kubernetes.io/part-of: jterrazz-infrastructure
      name: ci-test-service-uploads
    spec:
      accessModes:
        - ReadWriteOnce
      capacity:
        storage: 5Gi
      hostPath:
        path: /var/lib/k8s-data/ci-test-service/uploads
        type: DirectoryOrCreate
      nodeAffinity:
        required:
          nodeSelectorTerms:
            - matchExpressions:
                - key: kubernetes.io/hostname
                  operator: In
                  values:
                    - ci-test-node
      persistentVolumeReclaimPolicy: Retain
      storageClassName: manual
  11: |
    apiVersion: v1
    kind: PersistentVolumeClaim
    metadata:
      labels:
        app.kubernetes.io/component: storage
        app.kubernetes.io/managed-by: Helm
        app.kubernetes.io/name: ci-test-service
        app.kubernetes.io/part-of: jterrazz-infrastructure
      name: ci-test-service-uploads
    spec:
      accessModes:
        - ReadWriteOnce
      resources:
        requests:
          storage: 5Gi
      storageClassName: manual
      volumeName: ci-test-service-uploads
